translation_batch=14 translation_workers=4
Segment attempt 1 failed for ar-IQ: ValueError: no valid JSON object found: Expecting ',' delimiter: line 1 column 1019 (char 1018)
generated_translation source=crop-234 language=ar-IQ
generated_translation source=crop-242 language=ar-IQ
generated_translation source=crop-235 language=ar-IQ
Segment attempt 1 failed for tg-TJ: ValueError: no valid JSON object found: Expecting ',' delimiter: line 1 column 660 (char 659)
generated_translation source=crop-239 language=ar-IQ
Segment attempt 2 failed for tg-TJ: ValueError: no valid JSON object found: Expecting ',' delimiter: line 1 column 321 (char 320)
generated_translation source=crop-234 language=tg-TJ
Segment attempt 1 failed for en-US: ValueError: no valid JSON object found: Expecting ':' delimiter: line 1 column 466 (char 465); Expecting ':' delimiter: line 1 column 466 (char 465)
generated_translation source=crop-242 language=tg-TJ
generated_translation source=crop-239 language=tg-TJ
Segment attempt 1 failed for en-US: ValueError: no valid JSON object found: Expecting ',' delimiter: line 1 column 347 (char 346)
generated_translation source=crop-235 language=tg-TJ
HTTP 429 on https://apihub.agnes-ai.com/v1/chat/completions: {"error":{"code":"","message":"You’ve reached the API rate limit for free users. Upgrade to a Token Plan to unlock higher limits and continue using the API without interruption. (request id: 20260928051334509572230MhxEo9S5)","type":"AgnesAI_error"}}
API backoff 45s before retry 2/3
generated_translation source=crop-234 language=en-US
generated_translation source=crop-242 language=en-US
generated_translation source=crop-239 language=en-US
generated_translation source=crop-236 language=ar-IQ
generated_translation source=crop-235 language=en-US
generated_translation source=crop-238 language=ar-IQ
generated_translation source=crop-247 language=ar-IQ
Segment attempt 1 failed for tg-TJ: ValueError: no valid JSON object found: Expecting value: line 1 column 1 (char 0); Expecting ',' delimiter: line 1 column 1132 (char 1131)
Segment attempt 2 failed for tg-TJ: ValueError: no valid JSON object found: Expecting value: line 1 column 1 (char 0); Expecting ',' delimiter: line 1 column 1140 (char 1139)
generated_translation source=crop-236 language=tg-TJ
Segment attempt 1 failed for en-US: ValueError: no valid JSON object found: Expecting ',' delimiter: line 1 column 937 (char 936)
generated_translation source=crop-243 language=ar-IQ
generated_translation source=crop-238 language=tg-TJ
generated_translation source=crop-247 language=tg-TJ
generated_translation source=crop-238 language=en-US
generated_translation source=crop-247 language=en-US
generated_translation source=crop-245 language=ar-IQ
generated_translation source=crop-236 language=en-US
generated_translation source=crop-243 language=tg-TJ
generated_translation source=crop-246 language=ar-IQ
generated_translation source=crop-240 language=ar-IQ
Segment attempt 1 failed for tg-TJ: ValueError: no valid JSON object found: Expecting value: line 1 column 1 (char 0); JSON root must be an object; Extra data: line 4 column 4 (char 601)
Segment attempt 1 failed for tg-TJ: ValueError: no valid JSON object found: Expecting ',' delimiter: line 1 column 357 (char 356)
generated_translation source=crop-243 language=en-US
Segment attempt 2 failed for tg-TJ: ValueError: no valid JSON object found: Expecting property name enclosed in double quotes: line 16 column 7 (char 449)
Segment attempt 3 failed for tg-TJ: ValueError: no valid JSON object found: Expecting ',' delimiter: line 1 column 364 (char 363)
Segment attempt 1 failed for tg-TJ: ValueError: no valid JSON object found: Expecting ':' delimiter: line 1 column 933 (char 932)
generated_translation source=crop-246 language=tg-TJ
generated_translation source=crop-249 language=ar-IQ
generated_translation source=crop-245 language=tg-TJ
Segment attempt 1 failed for en-US: KeyError: 'translations'
generated_translation source=crop-246 language=en-US
generated_translation source=crop-245 language=en-US
generated_translation source=crop-240 language=tg-TJ
Metadata attempt 1 failed for en-US: ValueError: Metadata keys missing
generated_translation source=crop-249 language=tg-TJ
generated_translation source=crop-244 language=ar-IQ
generated_translation source=crop-248 language=ar-IQ
Segment attempt 1 failed for tg-TJ: ValueError: no valid JSON object found: Expecting property name enclosed in double quotes: line 17 column 7 (char 565)
generated_translation source=crop-240 language=en-US
generated_translation source=crop-249 language=en-US
generated_translation source=crop-244 language=tg-TJ
Segment attempt 1 failed for tg-TJ: ValueError: no valid JSON object found: Expecting value: line 1 column 1 (char 0); JSON root must be an object; Extra data: line 1 column 175 (char 174)
Segment attempt 1 failed for en-US: ValueError: no valid JSON object found: JSON root must be an object; Extra data: line 1 column 32 (char 31)
HTTP 429 on https://apihub.agnes-ai.com/v1/chat/completions: {"error":{"code":"","message":"You’ve reached the API rate limit for free users. Upgrade to a Token Plan to unlock higher limits and continue using the API without interruption. (request id: 202609280525084985396888xC348Ph)","type":"AgnesAI_error"}}
API backoff 45s before retry 2/3
generated_translation source=crop-248 language=tg-TJ
Segment attempt 1 failed for en-US: KeyError: 'translations'
generated_translation source=crop-244 language=en-US
generated_translation source=crop-248 language=en-US
{"updated_at": "2026-09-28T05:26:59+00:00", "source_articles_completed": 200, "languages": {"ar-IQ": {"completed": 200, "pending": 0}, "tg-TJ": {"completed": 200, "pending": 0}, "en-US": {"completed": 200, "pending": 0}}, "total_translation_units": 600, "completed_translation_units": 600, "pending_translation_units": 0, "articles_missing_any_translation": 0, "persian_queue_paused": false, "persian_queue_pause_threshold": 17, "images": {"policy": "reference-rerender-3d-v11-no-human-no-container-full-rebuild", "completed": true, "failures": 0, "total_candidates": 62, "remaining_candidates": 0, "rebuilt_posts": 62}, "packages": {"batch_size": 50, "ready_batches": 0, "packages": []}}
