Processing source 37032: میزان برداشت ذرت مکزیکی در هکتار: راهنمای جامع کشاورزان -> ['en-US']
Segment attempt 1 failed for en-US: ValueError: no valid JSON object found: Expecting ',' delimiter: line 1 column 621 (char 620)
Segment attempt 1 failed for en-US: ValueError: no valid JSON object found: Expecting ',' delimiter: line 1 column 439 (char 438)
HTTP 429 on https://apihub.agnes-ai.com/v1/chat/completions: {"error":{"code":"","message":"You’ve reached the API rate limit for free users. Upgrade to a Token Plan to unlock higher limits and continue using the API without interruption. (request id: 202609271740221337933611gADTt12)","type":"AgnesAI_error"}}
Segment attempt 1 failed for en-US: HTTPError: HTTP Error 429: Too Many Requests
HTTP 429 on https://apihub.agnes-ai.com/v1/chat/completions: {"error":{"code":"","message":"You’ve reached the API rate limit for free users. Upgrade to a Token Plan to unlock higher limits and continue using the API without interruption. (request id: 202609271740264079644708UKsW3HS)","type":"AgnesAI_error"}}
Segment attempt 2 failed for en-US: HTTPError: HTTP Error 429: Too Many Requests
HTTP 429 on https://apihub.agnes-ai.com/v1/chat/completions: {"error":{"code":"","message":"You’ve reached the API rate limit for free users. Upgrade to a Token Plan to unlock higher limits and continue using the API without interruption. (request id: 20260927174034694266014lGpdbLFq)","type":"AgnesAI_error"}}
Segment attempt 3 failed for en-US: HTTPError: HTTP Error 429: Too Many Requests
HTTP 429 on https://apihub.agnes-ai.com/v1/chat/completions: {"error":{"code":"","message":"You’ve reached the API rate limit for free users. Upgrade to a Token Plan to unlock higher limits and continue using the API without interruption. (request id: 20260927174034965503635WGTQIAN0)","type":"AgnesAI_error"}}
Segment attempt 1 failed for en-US: HTTPError: HTTP Error 429: Too Many Requests
HTTP 429 on https://apihub.agnes-ai.com/v1/chat/completions: {"error":{"code":"","message":"You’ve reached the API rate limit for free users. Upgrade to a Token Plan to unlock higher limits and continue using the API without interruption. (request id: 20260927174043475373674dpgqvDN1)","type":"AgnesAI_error"}}
Segment attempt 1 failed for en-US: HTTPError: HTTP Error 429: Too Many Requests
HTTP 429 on https://apihub.agnes-ai.com/v1/chat/completions: {"error":{"code":"","message":"You’ve reached the API rate limit for free users. Upgrade to a Token Plan to unlock higher limits and continue using the API without interruption. (request id: 2026092717410684224449OIgPzuUk)","type":"AgnesAI_error"}}
Segment attempt 1 failed for en-US: HTTPError: HTTP Error 429: Too Many Requests
Segment attempt 1 failed for en-US: ValueError: Segment IDs changed: expected {234, 235, 236, 237, 238, 239, 240, 241, 242, 243, 244, 245, 246, 247, 248, 249, 250, 251}, got {234, 235, 236, 237, 238, 239, 240, 241, 243, 244, 245, 246, 247, 248, 249, 250, 251}
HTTP 429 on https://apihub.agnes-ai.com/v1/chat/completions: {"error":{"code":"","message":"You’ve reached the API rate limit for free users. Upgrade to a Token Plan to unlock higher limits and continue using the API without interruption. (request id: 20260927174208567307148rFwvTzSL)","type":"AgnesAI_error"}}
Segment attempt 1 failed for en-US: HTTPError: HTTP Error 429: Too Many Requests
HTTP 429 on https://apihub.agnes-ai.com/v1/chat/completions: {"error":{"code":"","message":"You’ve reached the API rate limit for free users. Upgrade to a Token Plan to unlock higher limits and continue using the API without interruption. (request id: 20260927174227988152256SACd7Fxa)","type":"AgnesAI_error"}}
Segment attempt 1 failed for en-US: HTTPError: HTTP Error 429: Too Many Requests
Validated 37032:en-US
Processing source 37037: میزان برداشت ارزن در هکتار: راهنمای جامع افزایش عملکرد و سودآوری -> ['en-US']
HTTP 429 on https://apihub.agnes-ai.com/v1/chat/completions: {"error":{"code":"","message":"You’ve reached the API rate limit for free users. Upgrade to a Token Plan to unlock higher limits and continue using the API without interruption. (request id: 202609271743026223713529Rlkq38B)","type":"AgnesAI_error"}}
Segment attempt 1 failed for en-US: HTTPError: HTTP Error 429: Too Many Requests
HTTP 429 on https://apihub.agnes-ai.com/v1/chat/completions: {"error":{"code":"","message":"You’ve reached the API rate limit for free users. Upgrade to a Token Plan to unlock higher limits and continue using the API without interruption. (request id: 20260927174314469769488EZV10qT3)","type":"AgnesAI_error"}}
Segment attempt 1 failed for en-US: HTTPError: HTTP Error 429: Too Many Requests
Segment attempt 2 failed for en-US: ValueError: no valid JSON object found: Expecting value: line 1 column 1 (char 0); Expecting ',' delimiter: line 1 column 3302 (char 3301)
Segment attempt 1 failed for en-US: ValueError: no valid JSON object found: Expecting ',' delimiter: line 1 column 698 (char 697); Expecting ',' delimiter: line 1 column 698 (char 697)
Segment attempt 2 failed for en-US: ValueError: no valid JSON object found: Expecting ':' delimiter: line 1 column 409 (char 408)
Segment attempt 3 failed for en-US: ValueError: no valid JSON object found: Expecting ':' delimiter: line 50 column 5 (char 1108)
Segment attempt 1 failed for en-US: ValueError: no valid JSON object found: Expecting ':' delimiter: line 1 column 319 (char 318)
Segment attempt 1 failed for en-US: ValueError: no valid JSON object found: Expecting ',' delimiter: line 12 column 16 (char 674)
Segment attempt 2 failed for en-US: ValueError: no valid JSON object found: Expecting ',' delimiter: line 1 column 755 (char 754)
Segment attempt 3 failed for en-US: ValueError: no valid JSON object found: Expecting value: line 1 column 1 (char 0); Expecting ',' delimiter: line 1 column 769 (char 768)
Validated 37037:en-US
Processing source 37095: افزایش میزان برداشت گوجه فرنگی در هکتار: راهنمای جامع -> ['en-US']
Segment attempt 1 failed for en-US: ValueError: no valid JSON object found: Expecting ',' delimiter: line 1 column 1390 (char 1389)
Segment attempt 2 failed for en-US: ValueError: no valid JSON object found: Expecting ':' delimiter: line 1 column 1418 (char 1417)
Segment attempt 3 failed for en-US: ValueError: no valid JSON object found: Expecting ',' delimiter: line 1 column 1407 (char 1406)
Segment attempt 1 failed for en-US: ValueError: no valid JSON object found: Expecting ',' delimiter: line 1 column 235 (char 234)
HTTP 429 on https://apihub.agnes-ai.com/v1/chat/completions: {"error":{"code":"","message":"You’ve reached the API rate limit for free users. Upgrade to a Token Plan to unlock higher limits and continue using the API without interruption. (request id: 20260927174904742071088LU9rPCHp)","type":"AgnesAI_error"}}
Segment attempt 1 failed for en-US: HTTPError: HTTP Error 429: Too Many Requests
HTTP 429 on https://apihub.agnes-ai.com/v1/chat/completions: {"error":{"code":"","message":"You’ve reached the API rate limit for free users. Upgrade to a Token Plan to unlock higher limits and continue using the API without interruption. (request id: 2026092717490921097031S9Ap5he6)","type":"AgnesAI_error"}}
Segment attempt 2 failed for en-US: HTTPError: HTTP Error 429: Too Many Requests
Segment attempt 3 failed for en-US: ValueError: no valid JSON object found: Expecting ':' delimiter: line 1 column 1143 (char 1142)
HTTP 429 on https://apihub.agnes-ai.com/v1/chat/completions: {"error":{"code":"","message":"You’ve reached the API rate limit for free users. Upgrade to a Token Plan to unlock higher limits and continue using the API without interruption. (request id: 20260927174924453390354dYplgg7Z)","type":"AgnesAI_error"}}
Segment attempt 1 failed for en-US: HTTPError: HTTP Error 429: Too Many Requests
HTTP 429 on https://apihub.agnes-ai.com/v1/chat/completions: {"error":{"code":"","message":"You’ve reached the API rate limit for free users. Upgrade to a Token Plan to unlock higher limits and continue using the API without interruption. (request id: 20260927174928886805812cdsrvwEt)","type":"AgnesAI_error"}}
Segment attempt 2 failed for en-US: HTTPError: HTTP Error 429: Too Many Requests
HTTP 429 on https://apihub.agnes-ai.com/v1/chat/completions: {"error":{"code":"","message":"You’ve reached the API rate limit for free users. Upgrade to a Token Plan to unlock higher limits and continue using the API without interruption. (request id: 20260927174951612050615nwzK1BF1)","type":"AgnesAI_error"}}
Segment attempt 1 failed for en-US: HTTPError: HTTP Error 429: Too Many Requests
Segment attempt 1 failed for en-US: ValueError: no valid JSON object found: Expecting ',' delimiter: line 1 column 1389 (char 1388)
HTTP 429 on https://apihub.agnes-ai.com/v1/chat/completions: {"error":{"code":"","message":"You’ve reached the API rate limit for free users. Upgrade to a Token Plan to unlock higher limits and continue using the API without interruption. (request id: 20260927175011985740927K8NtTAW5)","type":"AgnesAI_error"}}
Segment attempt 2 failed for en-US: HTTPError: HTTP Error 429: Too Many Requests
Segment attempt 3 failed for en-US: ValueError: no valid JSON object found: Expecting ',' delimiter: line 1 column 1061 (char 1060)
HTTP 429 on https://apihub.agnes-ai.com/v1/chat/completions: {"error":{"code":"","message":"You’ve reached the API rate limit for free users. Upgrade to a Token Plan to unlock higher limits and continue using the API without interruption. (request id: 20260927175031351033780qhvIv2I7)","type":"AgnesAI_error"}}
Segment attempt 1 failed for en-US: HTTPError: HTTP Error 429: Too Many Requests
HTTP 429 on https://apihub.agnes-ai.com/v1/chat/completions: {"error":{"code":"","message":"You’ve reached the API rate limit for free users. Upgrade to a Token Plan to unlock higher limits and continue using the API without interruption. (request id: 202609271750356562415175ZjXHZmk)","type":"AgnesAI_error"}}
Segment attempt 2 failed for en-US: HTTPError: HTTP Error 429: Too Many Requests
HTTP 429 on https://apihub.agnes-ai.com/v1/chat/completions: {"error":{"code":"","message":"You’ve reached the API rate limit for free users. Upgrade to a Token Plan to unlock higher limits and continue using the API without interruption. (request id: 20260927175049964059900eVoPS6CG)","type":"AgnesAI_error"}}
Segment attempt 1 failed for en-US: HTTPError: HTTP Error 429: Too Many Requests
Validated 37095:en-US
Processing source 37108: میزان برداشت گلرنگ در هکتار: عوامل موثر و راهکارهای افزایش -> ['en-US']
HTTP 429 on https://apihub.agnes-ai.com/v1/chat/completions: {"error":{"code":"","message":"You’ve reached the API rate limit for free users. Upgrade to a Token Plan to unlock higher limits and continue using the API without interruption. (request id: 20260927175100121579851suqRnWuj)","type":"AgnesAI_error"}}
Metadata attempt 1 failed for en-US: HTTPError: HTTP Error 429: Too Many Requests
Segment attempt 1 failed for en-US: ValueError: no valid JSON object found: JSON root must be an object; Extra data: line 4 column 4 (char 326)
Validated 37108:en-US
